../Src/usbd_framework.c:12:6:usbd_initialize	16	static
../Src/usbd_framework.c:20:6:usbd_poll	8	static
../Src/usbd_framework.c:25:13:usb_reset_received_handler	8	static
../Src/usbd_framework.c:35:6:usbd_configure	8	static
../Src/usbd_framework.c:50:13:process_standard_device_request	24	static
../Src/usbd_framework.c:99:13:process_class_interface_request	16	static
../Src/usbd_framework.c:112:13:process_standard_interface_request	16	static
../Src/usbd_framework.c:128:13:process_request	16	static
../Src/usbd_framework.c:146:13:process_control_transfer_stage	16	static
../Src/usbd_framework.c:193:13:usb_polled_handler	8	static
../Src/usbd_framework.c:198:13:write_mouse_report	16	static
../Src/usbd_framework.c:213:13:in_transfer_completed_handler	16	static
../Src/usbd_framework.c:233:13:out_transfer_completed_handler	16	static
../Src/usbd_framework.c:237:13:setup_data_received_handler	16	static
