../Inc/usbd_driver.h:17:43:IN_ENDPOINT	16	static
../Inc/usbd_driver.h:25:44:OUT_ENDPOINT	16	static
../Inc/usbd_driver.h:30:30:FIFO	16	static
../Src/usbd_driver.c:5:13:initialize_gpio_pins	4	static
../Src/usbd_driver.c:23:13:initialize_core	4	static
../Src/usbd_driver.c:61:13:set_device_address	16	static
../Src/usbd_driver.c:72:13:connect	4	static
../Src/usbd_driver.c:83:13:disconnect	4	static
../Src/usbd_driver.c:96:13:read_packet	32	static
../Src/usbd_driver.c:127:13:write_packet	24	static
../Src/usbd_driver.c:156:13:refresh_fifo_start_addresses	16	static
../Src/usbd_driver.c:186:13:configure_rxfifo_size	16	static
../Src/usbd_driver.c:205:13:configure_txfifo_size	16	static
../Src/usbd_driver.c:231:13:flush_rxfifo	4	static
../Src/usbd_driver.c:239:13:flush_txfifo	16	static
../Src/usbd_driver.c:248:13:configure_endpoint0	24	static
../Src/usbd_driver.c:269:13:configure_in_endpoint	24	static
../Src/usbd_driver.c:288:13:deconfigure_endpoint	24	static
../Src/usbd_driver.c:329:13:usbrst_handler	16	static
../Src/usbd_driver.c:341:13:enumdne_handler	8	static
../Src/usbd_driver.c:347:13:rxflvl_handler	24	static
../Src/usbd_driver.c:382:13:iepint_handler	16	static
../Src/usbd_driver.c:397:13:oepint_handler	16	static
../Src/usbd_driver.c:412:13:gintsts_handler	16	static
