12:03:27 **** Incremental Build of configuration Debug for project usb_device ****
make -j4 all 
arm-none-eabi-gcc "../Src/main.c" -mcpu=cortex-m4 -std=gnu11 -g3 -DDEBUG -DSTM32F429I_DISC1 -DSTM32 -DSTM32F429ZITx -DSTM32F4 -DSTM32F429xx -c -I../Inc -I/home/nihal/Desktop/Projects/stm32-usb/usb_device/Inc/CMSIS/Device/ST/STM32F4xx/Include -I/home/nihal/Desktop/Projects/stm32-usb/usb_device/Inc/CMSIS/Include -O0 -ffunction-sections -fdata-sections -Wall -fstack-usage -MMD -MP -MF"Src/main.d" -MT"Src/main.o" --specs=nano.specs -mfpu=fpv4-sp-d16 -mfloat-abi=hard -mthumb -o "Src/main.o"
arm-none-eabi-gcc "../Src/systeminit.c" -mcpu=cortex-m4 -std=gnu11 -g3 -DDEBUG -DSTM32F429I_DISC1 -DSTM32 -DSTM32F429ZITx -DSTM32F4 -DSTM32F429xx -c -I../Inc -I/home/nihal/Desktop/Projects/stm32-usb/usb_device/Inc/CMSIS/Device/ST/STM32F4xx/Include -I/home/nihal/Desktop/Projects/stm32-usb/usb_device/Inc/CMSIS/Include -O0 -ffunction-sections -fdata-sections -Wall -fstack-usage -MMD -MP -MF"Src/systeminit.d" -MT"Src/systeminit.o" --specs=nano.specs -mfpu=fpv4-sp-d16 -mfloat-abi=hard -mthumb -o "Src/systeminit.o"
arm-none-eabi-gcc -o "usb_device.elf" @"objects.list"   -mcpu=cortex-m4 -T"/home/nihal/Desktop/Projects/stm32-usb/usb_device/STM32F429ZITX_FLASH.ld" --specs=nosys.specs -Wl,-Map="usb_device.map" -Wl,--gc-sections -static --specs=nano.specs -mfpu=fpv4-sp-d16 -mfloat-abi=hard -mthumb -Wl,--start-group -lc -lm -Wl,--end-group
Finished building target: usb_device.elf
 
arm-none-eabi-size   usb_device.elf 
arm-none-eabi-objdump -h -S  usb_device.elf  > "usb_device.list"
   text	   data	    bss	    dec	    hex	filename
   5804	    112	   1584	   7500	   1d4c	usb_device.elf
Finished building: default.size.stdout
 
Finished building: usb_device.list
 

12:03:28 Build Finished. 0 errors, 0 warnings. (took 925ms)

